Plan: 47 exact-ID parts across 13 official sheets
11-SW-4D complete-directory-no-exact-model 0 model entries 1450345 bytes cumulative
11-SW-14A staged 4 model entries 1463521 bytes cumulative
11-SE-7B staged 1 model entries 1506778 bytes cumulative
7-SW-16C staged 3 model entries 2166737 bytes cumulative
11-SW-15B staged 2 model entries 3259990 bytes cumulative
11-NE-25C staged 5 model entries 3797676 bytes cumulative
12-SW-1D staged 10 model entries 4307830 bytes cumulative
11-NW-24C staged 5 model entries 4308567 bytes cumulative
6-SE-20A staged 2 model entries 5567150 bytes cumulative
11-NE-17D staged 1 model entries 6235138 bytes cumulative
11-NE-18C staged 4 model entries 6237067 bytes cumulative
11-SW-5C staged 3 model entries 7317430 bytes cumulative
11-NW-19B staged 4 model entries 7723127 bytes cumulative
{
  "summary": {
    "acquired-and-staged": 44,
    "no-exact-model-in-complete-checked-sheets": 3,
    "deferred": 0
  },
  "transfer": {
    "receivedBytes": 7723127,
    "newThisInvocationBytes": 7723127,
    "chargedBytes": 7723127,
    "capBytes": 500000000,
    "requests": 103,
    "ledger": "source-scripts/city/landmark-acquisition/batches/identity-v2-extra/transfer-ledger.json"
  },
  "nativeModelParts": 44
}
