✖ source-mapped tidal channels cut actual terrain and sampler while preserving raw heights (4.54334ms)
✔ source land and out-of-Tai-O terrain retain previous heights and optional-path behaviour (1.16929ms)
✔ precomputed shoreline cuts reach both fine chunks and surrounding coarse terrain (1287.218621ms)
ℹ tests 3
ℹ suites 0
ℹ pass 2
ℹ fail 1
ℹ cancelled 0
ℹ skipped 0
ℹ todo 0
ℹ duration_ms 9955.195719

✖ failing tests:

test at 3d-viewer/city/tests/.hydro-baseline-coast-20261008.test.mjs:16:1
✖ source-mapped tidal channels cut actual terrain and sampler while preserving raw heights (4.54334ms)
  AssertionError [ERR_ASSERTION]: Expected values to be strictly equal:
  + actual - expected
  
  + 1.2980599999956266
  - -4
  
      at TestContext.<anonymous> (file:///home/williamli/projects/wiiiimm/hongkong-sandbox/.claude/worktrees/astra-hong-kong-city/3d-viewer/city/tests/.hydro-baseline-coast-20261008.test.mjs:19:183)
      at Test.runInAsyncScope (node:async_hooks:227:14)
      at Test.run (node:internal/test_runner/test:1325:25)
      at Test.start (node:internal/test_runner/test:1191:17)
      at startSubtestAfterBootstrap (node:internal/test_runner/harness:385:17) {
    generatedMessage: true,
    code: 'ERR_ASSERTION',
    actual: 1.2980599999956266,
    expected: -4,
    operator: 'strictEqual',
    diff: 'simple'
  }
