✔ Tai O source models retain the existing batching, windows and collision contract (191.351796ms)
✖ Tai O terrain joins the coarse terrain continuously and retains the independent Mui Wo patch (275.640194ms)
✔ terrain chunks and sampler use the same optional display heights, including zero (6869.247247ms)
ℹ tests 3
ℹ suites 0
ℹ pass 2
ℹ fail 1
ℹ cancelled 0
ℹ skipped 0
ℹ todo 0
ℹ duration_ms 7512.123813

✖ failing tests:

test at 3d-viewer/city/tests/.tai-o-baseline-coast-audit-20261008.test.mjs:25:1
✖ Tai O terrain joins the coarse terrain continuously and retains the independent Mui Wo patch (275.640194ms)
  AssertionError [ERR_ASSERTION]: 0,0
      at TestContext.<anonymous> (file:///home/williamli/projects/wiiiimm/hongkong-sandbox/.claude/worktrees/astra-hong-kong-city/3d-viewer/city/tests/.tai-o-baseline-coast-audit-20261008.test.mjs:35:10)
      at Test.runInAsyncScope (node:async_hooks:227:14)
      at Test.run (node:internal/test_runner/test:1325:25)
      at Test.processPendingSubtests (node:internal/test_runner/test:911:18)
      at Test.postRun (node:internal/test_runner/test:1465:19)
      at Test.run (node:internal/test_runner/test:1390:12)
      at async startSubtestAfterBootstrap (node:internal/test_runner/harness:385:3) {
    generatedMessage: false,
    code: 'ERR_ASSERTION',
    actual: false,
    expected: true,
    operator: '==',
    diff: 'simple'
  }
