✔ geometry and activity load concurrently with the same signal before facade profiles are baked (48.482259ms)
✔ failed activity blocks tile readiness and the normal cache Retry restores both data and windows (26.684889ms)
✔ cancelled travel aborts geometry and activity together and ignores their late completion (8.52396ms)
✔ legacy manifests fetch geometry only and retain global activity profiles (26.096959ms)
▶ malformed, incomplete or invalid per-building profiles cannot silently render mixed-use windows
  ✔ array (5.08494ms)
  ✔ missing UID (3.26471ms)
  ✔ non-integer profile (1.20319ms)
  ✔ out-of-range profile (2.10739ms)
  ✔ missing retail height (0.70096ms)
  ✔ negative retail height (1.82995ms)
  ✔ non-finite retail height (0.65914ms)
✔ malformed, incomplete or invalid per-building profiles cannot silently render mixed-use windows (17.0803ms)
✔ legacy unclassified buildings still use the existing fallback profile (24.78635ms)
✔ every imported form has an evidenced activity profile and reproducible source hashes (11929.089045ms)
✔ mapped malls, office towers and researched podiums retain uses across official replacement (8507.705131ms)
✔ official visibility schema recognises units, censored endpoints, N/A, and reordered fields (10.35216ms)
✔ AQHI keeps 10+ separate and never treats missing values as zero (1.03808ms)
✔ source timestamps use Hong Kong time and reject invalid calendar dates (3.00707ms)
✔ nearest measured visibility reselects with movement; general AQHI stays independent (4.05298ms)
✔ nearby N/A and unknown coordinates do not mask fresh measured stations (1.285ms)
✔ AQHI cannot produce visibility, and all N/A remains unavailable (2.24465ms)
✔ visibility and AQHI expire independently even without another network response (1.84274ms)
✔ future timestamps cannot become negative-age live values (1.93016ms)
✔ failed AQHI does not block HKO or cause repeated successful-feed requests (4.0608ms)
✔ one hanging feed times out without delaying the other feed state (30.483229ms)
✔ manual switch cancels a request which ignores AbortSignal, and late results cannot win (3.84093ms)
✔ dispose prevents resurrection, polling, and future live requests (1.60617ms)
✔ refresh coalesces, successful stations are cached, and poll honours refresh interval (1.30103ms)
✔ a failed refresh retains a usable cached reading only until its normal expiry (2.14151ms)
✔ bad coordinate assets cannot be silently labelled a nearest station (0.95851ms)
✔ stale/future display metadata retains the observed reading while active metres stay null (1.86946ms)
✔ nearest selection rejects non-finite readings and does not invent a distance for invalid position (3.59788ms)
✔ every original fleet option has a bundled model, provenance and explicit dimensions (15.05649ms)
✔ each source orientation becomes nose-forward in the shared negative-z flight frame (54.678259ms)
✔ paint and tyres sharing a source material are separated before calibration (1.29049ms)
✔ late loads cannot replace the latest selection and cancelled assets are disposed (7.15255ms)
✔ a successful selection renders only the detailed aircraft and coalesces repeated loading requests (6.87234ms)
✔ failed aircraft loads retain a correctly identified usable fallback and permit retry (8.06289ms)
✔ disposing during a load releases the late model and cannot resurrect the aircraft (0.55139ms)
✔ reduced motion holds propeller angle while night lowers simulated reflections (2.05158ms)
✔ chase camera fits portrait aircraft across view angles and preserves default desktop distance (6.105379ms)
✔ clear removes background fog in city and Stargaze; stronger haze is monotonic (1.753299ms)
✔ visual clarity preserves intentional manual/live weather fog and all input observations (7.702611ms)
✔ saved preference survives reload and invalid/unavailable storage safely falls back (0.597ms)
✔ measured visibility replaces estimated weather extinction without counting rain or fog twice (0.372511ms)
✔ both real packets retain separate illustrative identities and require every original parent (249.254524ms)
✔ parent-first loading, duplicate URL deduplication, range and layer toggles preserve picking (50.826919ms)
✔ invalid or failed cable data cannot replace existing geometry and Retry recovers independently (123.922648ms)
✔ malformed geometry, bounds, floor claims and duplicate region fail atomically (219.176066ms)
✔ disposal releases visible GPU resources once and prevents late completion (53.533469ms)
✔ native browser fetch keeps its global receiver instead of the layer instance (24.981989ms)
✔ source-connected spans share deck heights while coincident crossings remain separate (2.72844ms)
✔ layer and total height never masquerade as measured deck elevations (0.88223ms)
✔ an access way joins only an exported bridge at its actual source node (2.13401ms)
✔ ordinary indoor floor corridors are omitted, but explicitly mapped indoor bridges remain (0.50081ms)
✔ invalid coordinates and duplicate source IDs reject the inventory (0.71685ms)
✔ solid deck preserves supplied top heights and width with outward-facing top and underside (4.90828ms)
✔ bent and sloping source spans join without extreme miter spikes or terrain lifting (3.62585ms)
✔ explicit cover creates a canopy, while uncovered and name-only covered hints do not (17.130239ms)
✔ ray picking a merged deck returns the original source record and selection geometry (9.24202ms)
✔ failed loads preserve source suppression, retries succeed and duplicate packages do not duplicate decks (8.13329ms)
✔ invalid prepared batches fail atomically before any old bridge-road IDs are suppressed (0.98228ms)
✔ territory caching is bounded and distant deck/instance buffers are disposed (44.888139ms)
✔ teardown prevents late fetch completion from resurrecting records, geometry or callbacks (1.89663ms)
✔ teardown also guards a late asynchronous preparation result (0.9446ms)
✔ distant bridges retain decks and canopies while sub-pixel rail details are hidden (3.294479ms)
✔ high aerial cameras hide rail instances without rebuilding or hiding bridge decks (1.374089ms)
✔ worker construction, clone and runtime failures do not strand the bounded queue (8.53351ms)
✔ worker failures recover exact inline source forms while cancellation remains terminal (189.621746ms)
✔ open-sided roofs keep source top and omit walls/windows (22.52476ms)
✔ source courtyard remains open through roof and supports (10.07001ms)
✔ explicit foundation skirt does not move the source roof or acquire windows (1.679149ms)
✔ open supports use explicit foundation while leaving air unsealed (0.90372ms)
✔ ordinary buildings preserve single volume and window attributes (1.465821ms)
✔ cached layout updates if explicitly supplied foundation changes (1.433869ms)
✔ BuildingIndex shares open roof and support geometry (9.0573ms)
✔ terrain exact grid edges preserve source vertex elevations (4.88636ms)
✔ validated detailed model geometry replaces the simple extrusion (0.62345ms)
✔ invalid or misplaced detailed arrays retain source extrusion fallback (7.00436ms)
✔ indexed detailed geometry joins the non-indexed shared palette batches (1.13905ms)
✔ multipart forms and replacements count once without claiming whole buildings (2.44052ms)
✔ held, pending, downloaded-only and mismatched sources excluded (0.2928ms)
✔ new deployed forms included and removed bridge proxies excluded (0.29143ms)
✔ empty data is unknown coverage, never100%; conflicting source IDs rejected (0.68916ms)
✔ good enough earns progress without a new model; unknown is not required (2.03815ms)
✔ stale decisions lose skip credit and current rework overrides verified geometry (0.69018ms)
✔ fingerprints ignore object ordering but change with geometry or context (1.38008ms)
✔ bounded terrain context is stable across unrelated patches (0.64337ms)
✔ screened and enhanced categories never double count; removed forms stay removed (0.41754ms)
✔ government scope intersects current identities, suppression and accepted reviews (0.88648ms)
✔ government completion uses matched source scope; good-to-go and rework stay source-bound (0.4844ms)
✔ presentation validates source scope and reports unknown completion with no matched sources (34.629119ms)
✔ 24-hour dial places midnight, dawn, noon and evening around the complete circle (1.41744ms)
✔ exact time accepts every minute of the day and rejects invalid input (3.66737ms)
✔ clock accessibility and drawing stay in range as time lapse rounds through midnight (0.73984ms)
✔ courtyards stay open, but their walls block a pedestrian radius (3.20253ms)
✔ minimum heights allow passing beneath a bridge-like building part (0.37793ms)
✔ spatial hash finds a boundary collision in the neighbouring cell (0.38823ms)
✔ ground height follows the mesh triangle, not a bilinear saddle (1.20324ms)
✔ bundled city retains real footprints, valid heights and per-feature provenance (86.678908ms)
✔ known tower heights and named building parts survive the import (1.27633ms)
✔ disjoint regional water uses its own bed level while the gap remains source land (2.60298ms)
✔ legacy standalone regional water and a numeric zero bed retain exact semantics (0.64832ms)
✔ flattened regional cuts remove both actual mesh cells without bridging the dry gap (7.55974ms)
✔ actual minimap paints separate regional land bounds, never their union sea rectangle (8.20225ms)
✖ source-mapped channels retain their bed and sampler follows the visible top (568.222338ms)
✔ source land and out-of-Tai-O terrain retain previous heights and optional-path behaviour (1.52221ms)
✔ precomputed shoreline cuts reach both fine chunks and surrounding coarse terrain (2220.410251ms)
✔ retained proxy endpoints interpolate original height and preserve intervening corners (5.16025ms)
✔ partial proxy replacement, source picking and tower activation: source first (31.083159ms)
✔ partial proxy replacement, source picking and tower activation: proxy first (12.95094ms)
✔ failed and malformed complete source packages preserve all fallbacks and Retry activates the replacement (10.537889ms)
✔ duplicate conflicting source meshes cannot activate additional tower suppression (4.76524ms)
✔ late official completion after disposal cannot hide roads or building outlines (15.26098ms)
✔ road tails are retained from verified paths across tile seams, including road-only proxies (6.49341ms)
✔ cached tower outline suppression swaps collision and render buffers, preserves source picking and restores fallback (139.800317ms)
✔ suppression is applied to future tiles; latest selection wins during a pending rebake (74.899478ms)
✔ tile eviction during a replacement bake disposes late buffers instead of reattaching them (55.500639ms)
✔ curated public approaches keep their own geometry when their parent mapped way is clipped (10.805289ms)
✔ fully suppressed tiles release even unused facade materials on cache disposal (5.45254ms)
✔ declared complete package counts reject a missing deck half, and empty source meshes cannot hide outlines (2.20541ms)
✔ all published exact source meshes preserve positions, normals, colours and immutable HKPD bounds (66.400889ms)
✔ only explicitly reviewed public decks return the exact source top-face heights (14.61884ms)
✔ source triangle collision distinguishes air below and above the slab from its actual solid surfaces (2.642319ms)
✔ source mesh suppresses proxy exactly once in source then proxy load order (41.09062ms)
✔ source mesh suppresses proxy exactly once in proxy then source load order (7.70445ms)
✔ malformed source batches cannot add floors, hide proxies or partially change the live inventory (2.20228ms)
✔ both estimated approaches share visible floor geometry and keep source disagreement explicit (57.296819ms)
✔ two current source canopies retain their records while shared visual/collision clearance uses an explicit estimate (287.992874ms)
✔ a stair at a bend retains vertical risers instead of twisted upward wedges (1.651891ms)
✔ adaptive focus bounds all wire triangles without dropping faces inside the selected circle (15.18163ms)
✔ bounded geometry keeps exact source triangle topology, material groups and transforms with owned buffers (13.736199ms)
✔ instance selection counts every real triangle and retains chosen source matrices (3.27276ms)
✔ regional shader keeps far skins unchanged, uses instance/world positions, and writes logarithmic depth before zero-opacity return (0.64679ms)
✔ bounded controller preserves distant source materials and restores, disposes and refreshes on focus/LOD/stream changes (14.6841ms)
✔ region-decorated facade keeps the live original city-clock uniforms (1.37087ms)
✔ the night crosses midnight continuously and reaches its quietest point at 4 am (3.68872ms)
✔ overnight windows survive the minimum and early risers wake before daylight (0.26406ms)
✔ building profiles and random seeds remain stable across streaming and support every form (1.82521ms)
✔ clock formatting wraps midnight without invalid minutes (0.25335ms)
✔ homes peak at 10 pm, offices leave from 6 pm and shops close from 9 to 11 pm (2.95976ms)
✔ off by default; source triangles, transforms, material and visibility restore after repeated modes (8.35121ms)
✔ terrain includes patch triangles and target isolation respects hidden layers (6.08025ms)
✔ night shader hooks, cache keys, source textures and multi-material properties survive reveal (1.44803ms)
✔ new roots inherit settings, shared materials release exactly once, eviction restores ownership (1.28902ms)
✔ triangle overlay cannot intercept picking; source mesh and face indices remain stable (3.75397ms)
✔ bridge rail instances preserve their transforms, LOD visibility and release derived buffers (12.661219ms)
✔ streamed bases, detailed government replacements and fallback bakes inherit wireframe and clean up (73.926009ms)
✔ zero-opacity inspection skips facade shading and hides back faces without changing shadow or pick surfaces (3.40774ms)
✔ day/night palette switches only derived wires and newly attached meshes inherit it (1.59978ms)
✔ HKS-85 default, logarithmic pacing, concurrency and original label boundaries are retained (2.46855ms)
✔ original north/up orientation, spherical tail, white-blue gradient and fade remain coherent (5.12226ms)
✔ apocalypse reuses its fixed pool and buffers through many births (91.888977ms)
✔ daylight/cloud wash, off and zero rate clear trails and reschedule without backlog (9.952869ms)
✔ city uses the current camera position and world horizontal axes without fog or duplicate resources (13.63982ms)
✔ pause and reduced motion preserve settings, stop time and cannot accumulate a resumed storm (3.58915ms)
✔ options remain finite, and disposal is idempotent with no late reattachment (3.64682ms)
✔ source downloads deduplicate, reuse on reversal and evict within finite byte/count caps (53.606099ms)
✔ oversized and failed sources are bounded and retryable (6.42326ms)
✔ cancelling background-only reads releases the transfer and queued work without cancelling foreground subscribers (6.28961ms)
✔ vertical clipping excludes low actors below a sloped source roof (3.63361ms)
✔ vertical wall cylinder contact and exact zero-radius contact survive degenerate projection (0.84233ms)
✔ indexed triangles and negative world cells match non-indexed geometry (1.06018ms)
✔ large source triangles and large query radii use bounded-index fallback (0.31363ms)
✔ source footprint retains solid interiors while empty corners beside rotated models remain clear (1.9145ms)
✔ true walls outside the footprint block movement and overhead roofs only block their own elevation (0.66333ms)
✔ open-sided official meshes collide at their true source faces without a synthetic roof or solid interior (3.38269ms)
✔ invalid actor spans never create contacts (0.27044ms)
✔ aircraft roof envelope includes the actual model top and retains a taller outline fallback (0.67734ms)
✔ native low wings retain solid rooms and physical roofs without the tall-wing ghost volume (3.23111ms)
✔ native courtyard and disconnected shell gap remain clear despite a filled survey footprint (1.32681ms)
✔ local roof heights interpolate slopes without filling uncovered triangle corners (0.39162ms)
✔ vertical walls alone do not invent a local roof or closed interior (2.56886ms)
✔ large source faces and negative cells retain local roof queries (2.16619ms)
✔ SHA-256 verification remains available on insecure preview origins (8.34634ms)
✔ preloads compressed models nearest first and reprioritises around a moving origin (82.215678ms)
✔ pause preserves an in-flight download and stops admission until resume (106.896777ms)
✔ an immediate restart cannot be cancelled by the stopped run (11.47845ms)
✔ demo sessions obey byte and model caps without decoding (2.36745ms)
✔ Stop cancels a shared-cache background transfer and immediate restart survives old settlement (17.251769ms)
✔ projects clipped horizontal and vertical bounds through actual CSS canvas and near plane (2.4851ms)
✔ spatial query caps work and excludes distant invisible catalogue regions (100.040488ms)
✔ all canvas sizes have finite pixel cost with fractional DPR independent of CSS importance (3.50996ms)
✔ ineligible catalogue matches do not consume the visible candidate allowance (43.639229ms)
✔ native closures are ordered, shared supports counted once, and cycles/missing supports retain fallback (4.44721ms)
✔ whole support assemblies obey mobile count, memory and triangle budgets without raising limits (1.0359ms)
✔ surveyed fallback dependencies never request native assets and cannot be upgraded within the same plan (1.1991ms)
✔ a small off-camera native support bypasses its own LOD filter while a visible tower needs it (12.545259ms)
✔ selected mobile model may use the isolated resident allowance without raising background limits (0.441631ms)
✔ slow native support cannot expose a floating tower, and support failure leaves tower fallback until Retry (15.96662ms)
✔ retiring a support waits for its tower fallback and retains both when that restoration fails (7.47991ms)
✔ camera travel cancels waiting dependents without a blocked concurrency slot or late attachment (5.2107ms)
✔ source-tile visibility retains transitive native supports but not unrelated models or fallback-only dependencies (0.74437ms)
✔ support stays visible while its tower leaves the lookup map during an asynchronous fallback bake (0.32372ms)
✔ draw-call planning counts shared native supports once and rejects whole over-budget closures (0.42563ms)
✔ all extended Mui Wo source models use the existing geometry and collision contract (1363.454279ms)
✔ native retaining edge stays sharp and walking matches exact rendered faces (10.187729ms)
✔ native height index uses renderer Float32 positions and rejects invalid input (1.07259ms)
✔ native sampler retains an exact submerged source height used by the rendered mesh (0.35427ms)
✔ uncovered native interior fails explicitly instead of silently using a grid ramp (0.51471ms)
✔ audited numerical coverage sliver falls back to the patch grid (0.34654ms)
✔ late surface masks remove overlapping trees and can be reapplied without corrupting placement (41.44069ms)
✔ runtime observer coordinates agree with independent direct-PROJ check points (22.917759ms)
✔ observer grid matches the current terrain and rejects unmeasured extrapolation (182.467395ms)
✔ free movement changes sky coordinates with east/north orientation and preset consistency (1.860569ms)
✔ verified native GLB keeps indexed buffers, source transforms/material provenance and shared city night uniforms (98.268578ms)
✔ wrong hash, truncated body, altered source UID/heights and incorrect placement all retain fallback (14.62632ms)
✔ progressive detail keeps visible grace and restores its fallback when warm retention is disabled (75.310598ms)
✔ failed model download uses Retry and only activates detail after successful verification (57.239739ms)
✔ camera travel cancels a pending source request; late completion cannot replace the fallback (52.719589ms)
✔ background gate defers new detail while keeping selected and resident models available (69.416768ms)
✔ interaction pause preserves an in-flight source instead of downloading it again (54.960719ms)
✔ catalogues reject ambiguous duplicate IDs, wrong datum, invalid assembly suppressions and external decoder assets (4.46029ms)
✔ planner respects geometry, collision-memory, count and triangle budgets without rebaking on each camera frame (12.89357ms)
✔ abort during asynchronous GLTF parsing disposes the late source geometry (8.10242ms)
✔ failed fallback restoration retains source geometry and its memory reservation until Retry succeeds (46.69954ms)
✔ pre-existing baked government models and source infrastructure take precedence over optional compact detail (39.207819ms)
✔ turning away briefly retains nearby decoded detail without another model or material bake (51.039579ms)
✔ cancellation during fallback rebake never attaches a late source model (46.159819ms)
✔ catalogue window opt-out preserves geometry and default building lighting (16.3257ms)
✔ catalogue accepts an explicit retained basic-form support flag (0.88359ms)
✔ bounded vertical placement aligns an unchanged source roof to current LandsD TopHeight (4.6007ms)
✔ a retained basic form stays rendered under an active government shell (77.728408ms)
✔ real source-tile replacement activates a tower only after its native support and retires tower first (132.203277ms)
✔ an active government assembly hides its bundled fallback forms and restores them on eviction (90.505048ms)
✔ warm reversal and viewport changes reuse decoded source; grace expiry restores fallback (67.799939ms)
✔ in-view demotion keeps native shell visible until fallback is ready, then reuses warm decode (71.009749ms)
✔ a hidden/zero canvas pauses admission without flushing resident models (43.936819ms)
✔ lower profile replans decoded draw costs and restores excess resident fallbacks (7.12013ms)
✔ selected unknown-cost detail displaces wanted residents without a sticky budget error (10.75036ms)
✔ an indivisible oversized detail stays on fallback without sticky errors or repeated decodes (8.588149ms)
✔ surface triangulation preserves holes and has upward-facing normals (5.0217ms)
✔ draped detail samples terrain within large polygons, not just at corners (0.79532ms)
✔ invalid, unsupported or unsourced geometry is rejected before caching (1.13488ms)
✔ regional search accepts section references and bilingual names (0.41403ms)
✔ surface loading retries failed packages, deduplicates seams, and bounds live geometry (14.416979ms)
✔ a late regional response cannot rebuild geometry after disposal (2.88806ms)
✔ local route acceptance and imported geometry do not claim whole-section readiness (1.55415ms)
✔ readiness requires actual evidence, ground and buildings, with no known blockers (0.55548ms)
✔ section membership respects holes and finite bounds (1.46445ms)
✔ truncated or mismatched inventories fail visibly instead of implying coverage (1.09209ms)
✔ published inventory covers every checklist ID exactly once with truthful totals (73.879608ms)
✔ planar terrain retains one triangle and UV values (2.96955ms)
✔ fine terrain hill is followed rather than crossed by a flat road triangle (39.890189ms)
✔ shared sky palette exactly preserves sampled original renderer colours in both themes (8.75877ms)
✔ clear haze cannot erase golden/civil twilight; night darkening begins below minus six degrees (0.5597ms)
✔ golden sky follows the selected seasonal date and real observer solar altitude (2.41556ms)
✔ HKT inputs are timezone-independent and carry the civil date across midnight (5.77589ms)
✔ cardinal sky directions match city east/up/south coordinates (2.35567ms)
✔ rise/set agrees with HKO seasonal reference days and remains on the selected HKT day (1.6534ms)
✔ night follows solar altitude and moon phase follows the date (0.89ms)
✔ the original catalogue keeps every constellation member and Polaris stays over north (22.918149ms)
✔ secondary touches and their capture events cannot replace or cancel the active sky drag (3.61286ms)
✔ measurements retain bounded samples and lifetime totals without disabled work (2.72892ms)
✔ late completion after travelling away is disposed, never attached (11.39824ms)
✔ a failed section blocks readiness until an explicit retry succeeds (4.89318ms)
✔ retry clears stale failures outside the current plan so later travel can reload them (5.35564ms)
✔ district changes cancel the old arrival request (0.89766ms)
✔ cache evicts old geometry and never launches more than its concurrency (4.93957ms)
✔ large footprints are selected by their bounds across tile edges (0.7685ms)
✔ expanded dataset has unique building ownership, complete source provenance and valid tile bounds (6598.049283ms)
✔ all new destination regions have nearby building geometry (4.10732ms)
✔ all 18 districts have direct settlement destinations and valid WGS84 sky observer coordinates (9.71297ms)
✔ all walking arrivals lie on dry terrain triangles and clear nearby building collision volumes (23508.699348ms)
✔ streamed aircraft clearance includes a source roof taller than its outline height (1.06903ms)
✔ Tai O source models retain the existing batching, windows and collision contract (424.23472ms)
✖ Tai O terrain joins the coarse terrain continuously and retains the independent Mui Wo patch (688.318475ms)
✖ terrain chunks and sampler use the same optional display heights, including zero (9264.835965ms)
✔ published Tai O route preserves mapped geometry and discloses its separate public-entry estimate (70.995759ms)
✔ actual Navigation walks the whole public Tai O route in both directions without resets (16325.285747ms)
✔ removing the public floor or raising the tide blocks the route rather than crossing water (1038.505017ms)
✔ mixed coastal grid triangles retain their rendered slopes below 1.2m (8.09439ms)
✔ a coastal child patch matches rendered heights after replacing its parent (3.98842ms)
✔ walking rejects a submerged coastal slope even when raw DTM is above zero (1.65733ms)
✔ fine terrain replaces coarse faces and walking samples the rendered fine triangles (5.568439ms)
✔ retained fine Mui Wo DTM joins every coarse boundary sample without a vertical seam (467.53922ms)
✔ chunked regional terrain omits explicitly excluded overlap cells (14.35272ms)
✔ nested source terrain crossing a drawing-chunk boundary replaces its parent exactly once (384.186211ms)
✔ a nested child also removes parent hydro-cut triangles under its footprint (3.59665ms)
✔ hundreds of overlapping rectangles match ordered exhaustive lookup at edges and random points (134.699007ms)
✔ unknown bounds remain candidates and retain their source order (3.06408ms)
✔ grid bounds cover inverse-transform membership for reversed axes and fractional edges (1.90501ms)
✔ many siblings preserve top rendered height while raw height and resolution retain source order (7.53862ms)
✔ Official HHOT fixtures use hours 01–24 HKT, correct CD to HKPD sign, and real station coordinates (4.52945ms)
✔ Strict parser and interpolation refuse schema changes, missing cells, gaps and expired forecasts (0.92625ms)
✔ Live current-clock forecast, request bounds, station switching and exact manual restoration (8.706289ms)
✔ Late requests cannot overwrite Manual or another station; disposal cancels pending requests (1.84197ms)
✔ Offline requests never become observations; recovery and missing graph hours stay explicit (5.27105ms)
✔ Pause and Stargaze hold tide level and prevent refresh, then resume current time (5.73148ms)
✔ Original tide and complete water shader extraction retain byte-equivalent behaviour (25.26441ms)
✔ Water keeps real resting metres separate from illustrative heave, with pause, reduction and disposal (24.675699ms)
✔ Shoreline attaches once to existing terrain, tracks the rendered sea and releases owned texture (3.03479ms)
✔ Existing default remains one hour per eight real seconds, with useful bounded speeds (2.15335ms)
✔ Playback advances through HKT midnight, leap day, year end and multiple complete cycles (0.71744ms)
✔ Pause, Stargaze, Reduced Motion and Live suspend progression without discarding speed/enabled (0.47939ms)
✔ Continuous simulated time drives the existing sun position and distinct building sleep schedules (10.14443ms)
✔ Monotonic playback keeps the advertised speed at 10 fps and never catches up a pause (0.52037ms)
✔ Displayed multipliers represent normal elapsed time, including true 1x playback (0.31678ms)
✔ resting tide prevents entering submerged ground but permits retreat if water rises (1.6618ms)
✔ walk arrivals choose dry ground without modifying the terrain (13.387999ms)
✔ tide plot uses a 24-hour time window and leaves missing prediction hours disconnected (11.064509ms)
✔ original audio retains its weather mix, volume, engine exports and thunder envelopes (9.27918ms)
✔ sound never creates a context without a trusted, active user gesture (2.56588ms)
✔ hidden tabs and paused/stargaze states cancel thunder and suspend audio without losing preference (14.24855ms)
✔ resume failures are reported and later gesture retries recover; late resumes cannot revive disposal (2.01423ms)
✔ forked channel retains finite bounded geometry and reaches the supplied terrain endpoint (1.76247ms)
✔ manual storms respect rate limits, live/manual restoration and reduced-motion suppression (6.46823ms)
✔ manual controls clamp valid values, retain missing values and wrap wind from bearing (5.16761ms)
✔ wind parses compass words, numeric bearings, calm/missing cells and source timestamps (4.58438ms)
✔ current report rejects invalid data and preserves missing measurements rather than zero (5.19175ms)
✔ rain follows the nearest district anchor and wind follows the nearest reporting station (1.49518ms)
✔ live data reports original timestamps, throttles repeated refreshes, and restores manual settings (5.5369ms)
✔ unavailable wind is clearly missing and never invents observed speed or waves (1.24308ms)
✔ failed live requests retain an honest error, recover, then become stale after an outage (1.49754ms)
✔ stale or future-dated feeds cannot masquerade as fresh live observations (1.3165ms)
✔ switching to manual cancels a late live response without overwriting user settings (0.88134ms)
✔ requests time out and a disposed controller never retries (12.17049ms)
✔ quick manual/live toggles restart cancelled requests and retain failed status during cooldown (3.61817ms)
ℹ tests 318
ℹ suites 0
ℹ pass 315
ℹ fail 3
ℹ cancelled 0
ℹ skipped 0
ℹ todo 0
ℹ duration_ms 32853.22559

✖ failing tests:

test at 3d-viewer/city/tests/hydro-terrain.test.js:17:1
✖ source-mapped channels retain their bed and sampler follows the visible top (568.222338ms)
  AssertionError [ERR_ASSERTION]: Sampler follows actual top, including native overlays at -30523.45,3546.88
      at TestContext.<anonymous> (file:///home/williamli/projects/wiiiimm/hongkong-sandbox/.claude/worktrees/astra-hong-kong-city/3d-viewer/city/tests/hydro-terrain.test.js:23:10)
      at Test.runInAsyncScope (node:async_hooks:227:14)
      at Test.run (node:internal/test_runner/test:1325:25)
      at Test.start (node:internal/test_runner/test:1191:17)
      at startSubtestAfterBootstrap (node:internal/test_runner/harness:385:17) {
    generatedMessage: false,
    code: 'ERR_ASSERTION',
    actual: false,
    expected: true,
    operator: '==',
    diff: 'simple'
  }

test at 3d-viewer/city/tests/tai-o-models.test.js:25:1
✖ Tai O terrain joins the coarse terrain continuously and retains the independent Mui Wo patch (688.318475ms)
  AssertionError [ERR_ASSERTION]: 57,0
      at TestContext.<anonymous> (file:///home/williamli/projects/wiiiimm/hongkong-sandbox/.claude/worktrees/astra-hong-kong-city/3d-viewer/city/tests/tai-o-models.test.js:35:10)
      at Test.runInAsyncScope (node:async_hooks:227:14)
      at Test.run (node:internal/test_runner/test:1325:25)
      at Test.processPendingSubtests (node:internal/test_runner/test:911:18)
      at Test.postRun (node:internal/test_runner/test:1465:19)
      at Test.run (node:internal/test_runner/test:1390:12)
      at async startSubtestAfterBootstrap (node:internal/test_runner/harness:385:3) {
    generatedMessage: false,
    code: 'ERR_ASSERTION',
    actual: false,
    expected: true,
    operator: '==',
    diff: 'simple'
  }

test at 3d-viewer/city/tests/tai-o-models.test.js:41:1
✖ terrain chunks and sampler use the same optional display heights, including zero (9264.835965ms)
  AssertionError [ERR_ASSERTION]: The expression evaluated to a falsy value:
  
    assert.ok(Math.abs(expected-sampler.height(x,z))<.011)
  
      at TestContext.<anonymous> (file:///home/williamli/projects/wiiiimm/hongkong-sandbox/.claude/worktrees/astra-hong-kong-city/3d-viewer/city/tests/tai-o-models.test.js:55:11)
      at Test.runInAsyncScope (node:async_hooks:227:14)
      at Test.run (node:internal/test_runner/test:1325:25)
      at Test.processPendingSubtests (node:internal/test_runner/test:911:18)
      at Test.postRun (node:internal/test_runner/test:1465:19)
      at Test.run (node:internal/test_runner/test:1390:12)
      at async Test.processPendingSubtests (node:internal/test_runner/test:911:7) {
    generatedMessage: true,
    code: 'ERR_ASSERTION',
    actual: false,
    expected: true,
    operator: '==',
    diff: 'simple'
  }
