Plan: 115 exact-ID parts across 45 official sheets
11-SW-14A staged 2 models; 1450345 bytes cumulative
10-SW-18A complete-directory-no-exact-model 0 models; 1450345 bytes cumulative
9-SW-22B complete-directory-no-exact-model 0 models; 1450345 bytes cumulative
9-SE-21B complete-directory-no-exact-model 0 models; 1450345 bytes cumulative
9-SE-21A complete-directory-no-exact-model 0 models; 1450345 bytes cumulative
11-SW-14B staged 2 models; 1450345 bytes cumulative
11-SW-8C staged 4 models; 1450345 bytes cumulative
11-SW-8D complete-directory-no-exact-model 0 models; 1450345 bytes cumulative
11-SW-10D staged 2 models; 1505625 bytes cumulative
11-SW-9D staged 1 models; 1505625 bytes cumulative
11-NW-24D staged 4 models; 2393646 bytes cumulative
11-NW-24C staged 3 models; 4656817 bytes cumulative
11-SW-3B staged 2 models; 4807969 bytes cumulative
11-NW-23D staged 2 models; 6376020 bytes cumulative
11-SW-4A complete-directory-no-exact-model 0 models; 6441556 bytes cumulative
9-NE-18B complete-directory-no-exact-model 0 models; 6507092 bytes cumulative
9-NE-18C complete-directory-no-exact-model 0 models; 6572628 bytes cumulative
9-NE-18D staged 1 models; 6743614 bytes cumulative
11-NW-25C staged 1 models; 7065510 bytes cumulative
11-NE-25A complete-directory-no-exact-model 0 models; 7131046 bytes cumulative
11-NE-25C staged 1 models; 7274587 bytes cumulative
11-NW-9B staged 2 models; 7446003 bytes cumulative
11-SE-7D staged 1 models; 7532175 bytes cumulative
11-SE-11A staged 1 models; 7671027 bytes cumulative
11-SW-4B staged 9 models; 8734809 bytes cumulative
11-SE-7B staged 2 models; 9361367 bytes cumulative
11-SW-20B staged 7 models; 9880852 bytes cumulative
11-SW-7A staged 5 models; 10422225 bytes cumulative
11-SW-7C staged 1 models; 10594165 bytes cumulative
11-SW-10C staged 3 models; 10739365 bytes cumulative
11-NW-14C staged 3 models; 11676991 bytes cumulative
7-SW-16C staged 1 models; 11864774 bytes cumulative
7-SW-21D staged 1 models; 11963816 bytes cumulative
11-NE-11B staged 3 models; 12074536 bytes cumulative
7-SW-16B staged 2 models; 12636561 bytes cumulative
6-SE-20D staged 2 models; 12851203 bytes cumulative
11-SW-15A complete-directory-no-exact-model 0 models; 13031172 bytes cumulative
11-SW-13D staged 5 models; 13217108 bytes cumulative
7-SW-20A staged 2 models; 13477495 bytes cumulative
7-SW-20C staged 2 models; 13656343 bytes cumulative
11-SW-6D staged 3 models; 13855647 bytes cumulative
6-SE-25B staged 1 models; 13930418 bytes cumulative
11-SE-6A staged 2 models; 14108420 bytes cumulative
11-NE-17A staged 4 models; 14192441 bytes cumulative
11-NW-20C staged 1 models; 14302166 bytes cumulative
{
  "summary": {
    "acquired-and-staged": 88,
    "no-exact-model-in-complete-checked-sheets": 27,
    "deferred": 0
  },
  "transfer": {
    "receivedBytes": 14302166,
    "newThisInvocationBytes": 12851821,
    "chargedBytes": 14302166,
    "capBytes": 100000000,
    "requests": 260,
    "ledger": "source-scripts/city/landmark-acquisition/transfer-ledger.json"
  },
  "nativeModelParts": 88
}
