11-NE-11B deferred FileNotFoundError: [Errno 2] No such file or directory: '/Users/williamli/projects/wiiiimm/hongkong-sandbox-astra-city/source-scripts/city/landmark-acquisition/batches/terrain-prerequisites/staged/11-NE-11B/TERRAIN(TB)/T38250210000106E12/T38250210000106E12.gltf'
11-NE-17A deferred FileNotFoundError: [Errno 2] No such file or directory: '/Users/williamli/projects/wiiiimm/hongkong-sandbox-astra-city/source-scripts/city/landmark-acquisition/batches/terrain-prerequisites/staged/11-NE-17A/TERRAIN(TB)/T39000198000106E12/T39000198000106E12.gltf'
11-NE-25C deferred FileNotFoundError: [Errno 2] No such file or directory: '/Users/williamli/projects/wiiiimm/hongkong-sandbox-astra-city/source-scripts/city/landmark-acquisition/batches/terrain-prerequisites/staged/11-NE-25C/TERRAIN(TB)/T43500180000106E10/T43500180000106E10.gltf'
11-NW-14C deferred FileNotFoundError: [Errno 2] No such file or directory: '/Users/williamli/projects/wiiiimm/hongkong-sandbox-astra-city/source-scripts/city/landmark-acquisition/batches/terrain-prerequisites/staged/11-NW-14C/TERRAIN(TB)/T34500204000106E12/T34500204000106E12.gltf'
11-NW-20C deferred FileNotFoundError: [Errno 2] No such file or directory: '/Users/williamli/projects/wiiiimm/hongkong-sandbox-astra-city/source-scripts/city/landmark-acquisition/batches/terrain-prerequisites/staged/11-NW-20C/TERRAIN(TB)/T36000192000106E13/T36000192000106E13.gltf'
11-NW-24C deferred FileNotFoundError: [Errno 2] No such file or directory: '/Users/williamli/projects/wiiiimm/hongkong-sandbox-astra-city/source-scripts/city/landmark-acquisition/batches/terrain-prerequisites/staged/11-NW-24C/TERRAIN(TB)/T34500180000106E11/T34500180000106E11.gltf'
11-NW-24D deferred FileNotFoundError: [Errno 2] No such file or directory: '/Users/williamli/projects/wiiiimm/hongkong-sandbox-astra-city/source-scripts/city/landmark-acquisition/batches/terrain-prerequisites/staged/11-NW-24D/TERRAIN(TB)/T35250180000106E11/T35250180000106E11.gltf'
11-NW-25C deferred FileNotFoundError: [Errno 2] No such file or directory: '/Users/williamli/projects/wiiiimm/hongkong-sandbox-astra-city/source-scripts/city/landmark-acquisition/batches/terrain-prerequisites/staged/11-NW-25C/TERRAIN(TB)/T36000180000106E11/T36000180000106E11.gltf'
11-NW-9B deferred FileNotFoundError: [Errno 2] No such file or directory: '/Users/williamli/projects/wiiiimm/hongkong-sandbox-astra-city/source-scripts/city/landmark-acquisition/batches/terrain-prerequisites/staged/11-NW-9B/TERRAIN(TB)/T35250222000106E11/T35250222000106E11.gltf'
11-SE-11A deferred FileNotFoundError: [Errno 2] No such file or directory: '/Users/williamli/projects/wiiiimm/hongkong-sandbox-astra-city/source-scripts/city/landmark-acquisition/batches/terrain-prerequisites/staged/11-SE-11A/TERRAIN(TB)/T37500150000106E11/T37500150000106E11.gltf'
11-SE-7D deferred FileNotFoundError: [Errno 2] No such file or directory: '/Users/williamli/projects/wiiiimm/hongkong-sandbox-astra-city/source-scripts/city/landmark-acquisition/batches/terrain-prerequisites/staged/11-SE-7D/TERRAIN(TB)/T39750156000106E10/T39750156000106E10.gltf'
11-SW-10C deferred FileNotFoundError: [Errno 2] No such file or directory: '/Users/williamli/projects/wiiiimm/hongkong-sandbox-astra-city/source-scripts/city/landmark-acquisition/batches/terrain-prerequisites/staged/11-SW-10C/TERRAIN(TB)/T36000156000106E11/T36000156000106E11.gltf'
11-SW-10D deferred FileNotFoundError: [Errno 2] No such file or directory: '/Users/williamli/projects/wiiiimm/hongkong-sandbox-astra-city/source-scripts/city/landmark-acquisition/batches/terrain-prerequisites/staged/11-SW-10D/TERRAIN(TB)/T36750156000106E11/T36750156000106E11.gltf'
11-SW-13C deferred FileNotFoundError: [Errno 2] No such file or directory: '/Users/williamli/projects/wiiiimm/hongkong-sandbox-astra-city/source-scripts/city/landmark-acquisition/batches/terrain-prerequisites/staged/11-SW-13C/TERRAIN(TB)/T33000144000106E10/T33000144000106E10.gltf'
11-SW-13D deferred FileNotFoundError: [Errno 2] No such file or directory: '/Users/williamli/projects/wiiiimm/hongkong-sandbox-astra-city/source-scripts/city/landmark-acquisition/batches/terrain-prerequisites/staged/11-SW-13D/TERRAIN(TB)/T33750144000106E11/T33750144000106E11.gltf'
11-SW-20B deferred FileNotFoundError: [Errno 2] No such file or directory: '/Users/williamli/projects/wiiiimm/hongkong-sandbox-astra-city/source-scripts/city/landmark-acquisition/batches/terrain-prerequisites/staged/11-SW-20B/TERRAIN(TB)/T36750138000106E11/T36750138000106E11.gltf'
11-SW-3B deferred FileNotFoundError: [Errno 2] No such file or directory: '/Users/williamli/projects/wiiiimm/hongkong-sandbox-astra-city/source-scripts/city/landmark-acquisition/batches/terrain-prerequisites/staged/11-SW-3B/TERRAIN(TB)/T33750174000106E13/T33750174000106E13.gltf'
11-SW-4B deferred FileNotFoundError: [Errno 2] No such file or directory: '/Users/williamli/projects/wiiiimm/hongkong-sandbox-astra-city/source-scripts/city/landmark-acquisition/batches/terrain-prerequisites/staged/11-SW-4B/TERRAIN(TB)/T35250174000106E11/T35250174000106E11.gltf'
11-SW-6D deferred FileNotFoundError: [Errno 2] No such file or directory: '/Users/williamli/projects/wiiiimm/hongkong-sandbox-astra-city/source-scripts/city/landmark-acquisition/batches/terrain-prerequisites/staged/11-SW-6D/TERRAIN(TB)/T30750156000106E10/T30750156000106E10.gltf'
11-SW-7A deferred FileNotFoundError: [Errno 2] No such file or directory: '/Users/williamli/projects/wiiiimm/hongkong-sandbox-astra-city/source-scripts/city/landmark-acquisition/batches/terrain-prerequisites/staged/11-SW-7A/TERRAIN(TB)/T31500162000106E10/T31500162000106E10.gltf'
11-SW-7C deferred FileNotFoundError: [Errno 2] No such file or directory: '/Users/williamli/projects/wiiiimm/hongkong-sandbox-astra-city/source-scripts/city/landmark-acquisition/batches/terrain-prerequisites/staged/11-SW-7C/TERRAIN(TB)/T31500156000106E11/T31500156000106E11.gltf'
6-SE-20D deferred FileNotFoundError: [Errno 2] No such file or directory: '/Users/williamli/projects/wiiiimm/hongkong-sandbox-astra-city/source-scripts/city/landmark-acquisition/batches/terrain-prerequisites/staged/6-SE-20D/TERRAIN(TB)/T29250252000106E11/T29250252000106E11.gltf'
6-SE-25B deferred FileNotFoundError: [Errno 2] No such file or directory: '/Users/williamli/projects/wiiiimm/hongkong-sandbox-astra-city/source-scripts/city/landmark-acquisition/batches/terrain-prerequisites/staged/6-SE-25B/TERRAIN(TB)/T29250246000106E12/T29250246000106E12.gltf'
7-SW-16B deferred FileNotFoundError: [Errno 2] No such file or directory: '/Users/williamli/projects/wiiiimm/hongkong-sandbox-astra-city/source-scripts/city/landmark-acquisition/batches/terrain-prerequisites/staged/7-SW-16B/TERRAIN(TB)/T30750258000106E12/T30750258000106E12.gltf'
7-SW-20A deferred FileNotFoundError: [Errno 2] No such file or directory: '/Users/williamli/projects/wiiiimm/hongkong-sandbox-astra-city/source-scripts/city/landmark-acquisition/batches/terrain-prerequisites/staged/7-SW-20A/TERRAIN(TB)/T36000258000106E10/T36000258000106E10.gltf'
7-SW-21D deferred FileNotFoundError: [Errno 2] No such file or directory: '/Users/williamli/projects/wiiiimm/hongkong-sandbox-astra-city/source-scripts/city/landmark-acquisition/batches/terrain-prerequisites/staged/7-SW-21D/TERRAIN(TB)/T30750240000106E11/T30750240000106E11.gltf'
{"sheets": 26, "verified": 0, "deferred": 26}
{"receivedBytes": 140499783, "newThisInvocationBytes": 140499783, "requests": 78, "chargedBytes": 140499783, "capBytes": 500000000}
