11-NE-11B native-terrain-acquired-verified 
11-NE-17A native-terrain-acquired-verified 
11-NE-25C native-terrain-acquired-verified 
11-NW-14C native-terrain-acquired-verified 
11-NW-20C native-terrain-acquired-verified 
11-NW-24C native-terrain-acquired-verified 
11-NW-24D native-terrain-acquired-verified 
11-NW-25C native-terrain-acquired-verified 
11-NW-9B native-terrain-acquired-verified 
11-SE-11A native-terrain-acquired-verified 
11-SE-7D native-terrain-acquired-verified 
11-SW-10C native-terrain-acquired-verified 
11-SW-10D native-terrain-acquired-verified 
11-SW-13C native-terrain-acquired-verified 
11-SW-13D native-terrain-acquired-verified 
11-SW-20B native-terrain-acquired-verified 
11-SW-3B native-terrain-acquired-verified 
11-SW-4B native-terrain-acquired-verified 
11-SW-6D native-terrain-acquired-verified 
11-SW-7A native-terrain-acquired-verified 
11-SW-7C native-terrain-acquired-verified 
6-SE-20D native-terrain-acquired-verified 
6-SE-25B native-terrain-acquired-verified 
7-SW-16B native-terrain-acquired-verified 
7-SW-20A native-terrain-acquired-verified 
7-SW-21D native-terrain-acquired-verified 
{"sheets": 26, "verified": 26, "deferred": 0}
{"receivedBytes": 140499783, "newThisInvocationBytes": 0, "requests": 78, "chargedBytes": 140499783, "capBytes": 500000000}
