Plan: 11 exact-ID parts across 7 official sheets
11-SW-8D staged 1 model entries 1450345 bytes cumulative
11-NE-18D complete-directory-no-exact-model 0 model entries 1675135 bytes cumulative
11-NE-18C staged 2 model entries 1697675 bytes cumulative
11-NW-19B staged 2 model entries 1698427 bytes cumulative
11-NE-23A complete-directory-no-exact-model 0 model entries 1941634 bytes cumulative
12-SW-1B staged 4 model entries 2085058 bytes cumulative
11-SW-22A staged 2 model entries 2169769 bytes cumulative
{
  "summary": {
    "acquired-and-staged": 11,
    "no-exact-model-in-complete-checked-sheets": 0,
    "deferred": 0
  },
  "transfer": {
    "receivedBytes": 2169769,
    "newThisInvocationBytes": 2169769,
    "chargedBytes": 2169769,
    "capBytes": 500000000,
    "requests": 35,
    "ledger": "source-scripts/city/landmark-acquisition/batches/identity-v3-extra/transfer-ledger.json"
  },
  "nativeModelParts": 11
}
