Plan: 152 exact-ID parts across 40 official sheets
9-SE-21B complete-directory-no-exact-model 0 model entries 1450345 bytes cumulative
11-SW-14A staged 3 model entries 1450345 bytes cumulative
11-SW-13A complete-directory-no-exact-model 0 model entries 1451119 bytes cumulative
11-SW-13B staged 2 model entries 1451119 bytes cumulative
9-SE-21A complete-directory-no-exact-model 0 model entries 1451119 bytes cumulative
10-SW-18A complete-directory-no-exact-model 0 model entries 1451119 bytes cumulative
11-SW-4B staged 1 model entries 1451119 bytes cumulative
11-NE-25C staged 4 model entries 3830397 bytes cumulative
11-SW-14B complete-directory-no-exact-model 0 model entries 3831888 bytes cumulative
11-SW-20B complete-directory-no-exact-model 0 model entries 3832646 bytes cumulative
9-SW-22B complete-directory-no-exact-model 0 model entries 3921027 bytes cumulative
11-SW-8D complete-directory-no-exact-model 0 model entries 4021494 bytes cumulative
11-SW-13C complete-directory-no-exact-model 0 model entries 4109266 bytes cumulative
6-SE-20D staged 5 model entries 4109266 bytes cumulative
9-NE-18B complete-directory-no-exact-model 0 model entries 4578991 bytes cumulative
9-NE-18C complete-directory-no-exact-model 0 model entries 4579759 bytes cumulative
9-NE-18D staged 1 model entries 4579759 bytes cumulative
11-SW-9C complete-directory-no-exact-model 0 model entries 4580752 bytes cumulative
11-SW-6D staged 8 model entries 4580752 bytes cumulative
11-SW-13D staged 1 model entries 4709383 bytes cumulative
11-NW-24C staged 7 model entries 5475208 bytes cumulative
12-SW-1B staged 4 model entries 5664897 bytes cumulative
12-SW-1A staged 6 model entries 6850213 bytes cumulative
11-SE-20A staged 8 model entries 6850213 bytes cumulative
11-SE-8B complete-directory-no-exact-model 0 model entries 6967557 bytes cumulative
12-SW-1D staged 11 model entries 7367385 bytes cumulative
11-NW-13D staged 1 model entries 8150512 bytes cumulative
11-NW-13B staged 2 model entries 8361524 bytes cumulative
11-NE-21C staged 3 model entries 8876874 bytes cumulative
11-SE-8A staged 5 model entries 8876874 bytes cumulative
11-NW-24A staged 2 model entries 9401270 bytes cumulative
6-SE-22A staged 5 model entries 10079814 bytes cumulative
6-SE-17C staged 6 model entries 10299329 bytes cumulative
11-NE-7C staged 1 model entries 10611859 bytes cumulative
11-NW-18B staged 7 model entries 12048255 bytes cumulative
11-NW-7D staged 5 model entries 12691687 bytes cumulative
11-NW-13A complete-directory-no-exact-model 0 model entries 12823503 bytes cumulative
15-NW-3B staged 3 model entries 14110283 bytes cumulative
11-NW-19A staged 6 model entries 14421492 bytes cumulative
11-NW-8C staged 12 model entries 15818627 bytes cumulative
{
  "summary": {
    "acquired-and-staged": 119,
    "no-exact-model-in-complete-checked-sheets": 33,
    "deferred": 0
  },
  "transfer": {
    "receivedBytes": 15818627,
    "newThisInvocationBytes": 14368282,
    "chargedBytes": 15818627,
    "capBytes": 500000000,
    "requests": 288,
    "ledger": "source-scripts/city/landmark-acquisition/batches/identity-v1-remaining/transfer-ledger.json"
  },
  "nativeModelParts": 119
}
