11-NE-18C native-terrain-acquired-verified 
11-NE-21C native-terrain-acquired-verified 
11-NE-7C native-terrain-acquired-verified 
11-NW-13B native-terrain-acquired-verified 
11-NW-13D native-terrain-acquired-verified 
11-NW-18B native-terrain-acquired-verified 
11-NW-19A native-terrain-acquired-verified 
11-NW-19B native-terrain-acquired-verified 
11-NW-24A native-terrain-acquired-verified 
11-NW-7D native-terrain-acquired-verified 
11-NW-8C native-terrain-acquired-verified 
11-SE-20A native-terrain-acquired-verified 
11-SE-7B native-terrain-acquired-verified 
11-SE-8A native-terrain-acquired-verified 
11-SW-15B native-terrain-acquired-verified 
11-SW-22A native-terrain-acquired-verified 
11-SW-5C native-terrain-acquired-verified 
12-SW-1A native-terrain-acquired-verified 
12-SW-1B native-terrain-acquired-verified 
12-SW-1D native-terrain-acquired-verified 
15-NW-3B deferred FileNotFoundError: [Errno 2] No such file or directory: '/Users/williamli/projects/wiiiimm/hongkong-sandbox-astra-city/source-scripts/city/landmark-acquisition/batches/terrain-final-increment/sources/15-NW-3B/state.json'
6-SE-17C native-terrain-acquired-verified 
6-SE-22A native-terrain-acquired-verified 
7-SW-16C native-terrain-acquired-verified 
{"sheets": 24, "verified": 23, "deferred": 1}
{"receivedBytes": 66256133, "newThisInvocationBytes": 0, "requests": 71, "chargedBytes": 66256133, "capBytes": 500000000}
